Command: single_taxon/scripts/calc_subs.py single_taxon/example/example.bam --output ex.tsv --pos-output ex_pos.csv --pos-bases ex_bases.csv --log ex.log

Model: none (counts only)
Processing alignment file...
  Orientation: converting reverse reads to original strand
  Filters: min_baseq=0, min_mapq=0
  100000 reads, 4434537 bases...

Processed 103065 reads (51553 reverse), 4570167 bases
======================================================================
REFERENCE BASE COVERAGE
======================================================================
Base                 Count   Proportion
----------------------------------------
A                1,508,333       0.3300
C                  773,441       0.1692
G                  773,885       0.1693
T                1,514,508       0.3314
Total            4,570,167

======================================================================
SUBSTITUTION MATRIX (Reference → Observed)
======================================================================
Ref\Obs            A           C           G           T      Errors   ErrorRate
--------------------------------------------------------------------------------
A          1,491,666       2,750       9,205       4,712      16,667    0.011050
C              4,194     737,377       1,776      30,094      36,064    0.046628
G             28,123       1,667     739,929       4,166      33,956    0.043877
T              4,393       9,157       2,711   1,498,247      16,261    0.010737
--------------------------------------------------------------------------------
TOTAL                                                        102,948    0.022526

======================================================================
PER-SUBSTITUTION RATES
======================================================================
Sub        ObsCount   RefCount      ObsRate          piQ
---------------------------------------------------------
A→C           2,750  1,508,333   0.00182320   0.00060173
A→G           9,205  1,508,333   0.00610276   0.00201415
A→T           4,712  1,508,333   0.00312398   0.00103103
C→A           4,194    773,441   0.00542252   0.00091769
C→G           1,776    773,441   0.00229623   0.00038861
C→T          30,094    773,441   0.03890924   0.00658488
G→A          28,123    773,885   0.03634002   0.00615360
G→C           1,667    773,885   0.00215407   0.00036476
G→T           4,166    773,885   0.00538323   0.00091156
T→A           4,393  1,514,508   0.00290061   0.00096123
T→C           9,157  1,514,508   0.00604619   0.00200365
T→G           2,711  1,514,508   0.00179002   0.00059319

======================================================================
SYMMETRY RATIOS: max(i→j, j→i) / min(i→j, j→i)
======================================================================
Pair             Forward           Reverse      Ratio   Higher
--------------------------------------------------------------
A↔C    A→C         2,750 C→A         4,194     1.5251      C→A
A↔G    A→G         9,205 G→A        28,123     3.0552      G→A
A↔T    A→T         4,712 T→A         4,393     1.0726      A→T
C↔G    C→G         1,776 G→C         1,667     1.0654      C→G
C↔T    C→T        30,094 T→C         9,157     3.2864      C→T
G↔T    G→T         4,166 T→G         2,711     1.5367      G→T

======================================================================
SUMMARY
======================================================================
Overall error rate : 0.022526 (2.2526%)
Total matches      : 4,467,219
Total mismatches   : 102,948
======================================================================

TSV written to: ex.tsv

Wrote positional analysis to: ex_pos.csv
Wrote positional base frequencies to: ex_bases.csv
